Microsoft Windows [Version 10.0.22621.1105]
(c) Microsoft Corporation. All rights reserved.

C:\Windows\System32>bash

ashwi@HYPERLAPSE  /c/Windows/System32
$ cd ~

ashwi@HYPERLAPSE  ~
$ cd devops/provision/vagrant/

ashwi@HYPERLAPSE  ~/devops/provision/vagrant
$ vagrant box list
centos/7           (virtualbox, 2004.01)
generic/ubuntu1804 (virtualbox, 4.2.10)
hashicorp/bionic64 (virtualbox, 1.0.282)
ubuntu/xenial64    (virtualbox, 20211001.0.0)

ashwi@HYPERLAPSE  ~/devops/provision/vagrant
$ ls
bionic  centos

ashwi@HYPERLAPSE  ~/devops/provision/vagrant
$ cd bionic/

ashwi@HYPERLAPSE  ~/devops/provision/vagrant/bionic
$ ls
Vagrantfile

ashwi@HYPERLAPSE  ~/devops/provision/vagrant/bionic
$ rm Vagrantfile

ashwi@HYPERLAPSE  ~/devops/provision/vagrant/bionic
$ vagrant init generic/ubuntu1804
A `Vagrantfile` has been placed in this directory. You are now
ready to `vagrant up` your first virtual environment! Please read
the comments in the Vagrantfile as well as documentation on
`vagrantup.com` for more information on using Vagrant.

ashwi@HYPERLAPSE  ~/devops/provision/vagrant/bionic
$ vagrant up
Bringing machine 'default' up with 'virtualbox' provider...
==> default: Checking if box 'hashicorp/bionic64' version '1.0.282' is up to date...
==> default: Clearing any previously set forwarded ports...
==> default: Clearing any previously set network interfaces...
==> default: Preparing network interfaces based on configuration...
    default: Adapter 1: nat
==> default: Forwarding ports...
    default: 22 (guest) => 2222 (host) (adapter 1)
==> default: Booting VM...
==> default: Waiting for machine to boot. This may take a few minutes...
    default: SSH address: 127.0.0.1:2222
    default: SSH username: vagrant
    default: SSH auth method: private key

==> default: Waiting for cleanup before exiting...

ashwi@HYPERLAPSE  ~/devops/provision/vagrant/bionic
$ Vagrant exited after cleanup due to external interrupt.
^C

ashwi@HYPERLAPSE  ~/devops/provision/vagrant/bionic
$ code Vagrantfile

ashwi@HYPERLAPSE  ~/devops/provision/vagrant/bionic
$ vagrant init generic/ubuntu1804 --force
A `Vagrantfile` has been placed in this directory. You are now
ready to `vagrant up` your first virtual environment! Please read
the comments in the Vagrantfile as well as documentation on
`vagrantup.com` for more information on using Vagrant.

ashwi@HYPERLAPSE  ~/devops/provision/vagrant/bionic
$ vagrant up
Bringing machine 'default' up with 'virtualbox' provider...
==> default: Checking if box 'hashicorp/bionic64' version '1.0.282' is up to date...
==> default: Machine already provisioned. Run `vagrant provision` or use the `--provision`
==> default: flag to force provisioning. Provisioners marked to run always will still run.

ashwi@HYPERLAPSE  ~/devops/provision/vagrant/bionic
$ vagrant halt
==> default: Attempting graceful shutdown of VM...
    default: Guest communication could not be established! This is usually because
    default: SSH is not running, the authentication information was changed,
    default: or some other networking issue. Vagrant will force halt, if
    default: capable.
==> default: Forcing shutdown of VM...

ashwi@HYPERLAPSE  ~/devops/provision/vagrant/bionic
$ vagrant status
Current machine states:

default                   poweroff (virtualbox)

The VM is powered off. To restart the VM, simply run `vagrant up`

ashwi@HYPERLAPSE  ~/devops/provision/vagrant/bionic
$ vagrant destroy
    default: Are you sure you want to destroy the 'default' VM? [y/N] y
==> default: Destroying VM and associated drives...

ashwi@HYPERLAPSE  ~/devops/provision/vagrant/bionic
$ ls -a
.  ..  .vagrant  Vagrantfile

ashwi@HYPERLAPSE  ~/devops/provision/vagrant/bionic
$ cd .vagrant

ashwi@HYPERLAPSE  ~/devops/provision/vagrant/bionic/.vagrant
$ ls -a
.  ..  machines  rgloader

ashwi@HYPERLAPSE  ~/devops/provision/vagrant/bionic/.vagrant
$ cd ..

ashwi@HYPERLAPSE  ~/devops/provision/vagrant/bionic
$ ls
Vagrantfile

ashwi@HYPERLAPSE  ~/devops/provision/vagrant/bionic
$ code Vagrantfile

ashwi@HYPERLAPSE  ~/devops/provision/vagrant/bionic
$ vagrant up
Bringing machine 'default' up with 'virtualbox' provider...
==> default: Importing base box 'generic/ubuntu1804'...
==> default: Matching MAC address for NAT networking...
==> default: Checking if box 'generic/ubuntu1804' version '4.2.10' is up to date...
==> default: Setting the name of the VM: bionic_default_1675792529067_89329
==> default: Clearing any previously set network interfaces...
==> default: Preparing network interfaces based on configuration...
    default: Adapter 1: nat
==> default: Forwarding ports...
    default: 22 (guest) => 2222 (host) (adapter 1)
==> default: Running 'pre-boot' VM customizations...
==> default: Booting VM...
==> default: Waiting for machine to boot. This may take a few minutes...
    default: SSH address: 127.0.0.1:2222
    default: SSH username: vagrant
    default: SSH auth method: private key
    default:
    default: Vagrant insecure key detected. Vagrant will automatically replace
    default: this with a newly generated keypair for better security.
    default:
    default: Inserting generated public key within guest...
    default: Removing insecure key from the guest if it's present...
    default: Key inserted! Disconnecting and reconnecting using new SSH key...
==> default: Machine booted and ready!
==> default: Checking for guest additions in VM...
    default: The guest additions on this VM do not match the installed version of
    default: VirtualBox! In most cases this is fine, but in rare cases it can
    default: prevent things such as shared folders from working properly. If you see
    default: shared folder errors, please make sure the guest additions within the
    default: virtual machine match the version of VirtualBox you have installed on
    default: your host and reload your VM.
    default:
    default: Guest Additions Version: 5.2.42
    default: VirtualBox Version: 7.0

ashwi@HYPERLAPSE  ~/devops/provision/vagrant/bionic
$ vagrant ssh
vagrant@ubuntu1804:~$ sudo su -
root@ubuntu1804:~#
root@ubuntu1804:~#
root@ubuntu1804:~# cat /etc/*release
DISTRIB_ID=Ubuntu
DISTRIB_RELEASE=18.04
DISTRIB_CODENAME=bionic
DISTRIB_DESCRIPTION="Ubuntu 18.04.6 LTS"
NAME="Ubuntu"
VERSION="18.04.6 LTS (Bionic Beaver)"
ID=ubuntu
ID_LIKE=debian
PRETTY_NAME="Ubuntu 18.04.6 LTS"
VERSION_ID="18.04"
HOME_URL="https://www.ubuntu.com/"
SUPPORT_URL="https://help.ubuntu.com/"
BUG_REPORT_URL="https://bugs.launchpad.net/ubuntu/"
PRIVACY_POLICY_URL="https://www.ubuntu.com/legal/terms-and-policies/privacy-policy"
VERSION_CODENAME=bionic
UBUNTU_CODENAME=bionic
root@ubuntu1804:~#
root@ubuntu1804:~#
root@ubuntu1804:~#
root@ubuntu1804:~#
root@ubuntu1804:~# apt update
Get:1 http://security.ubuntu.com/ubuntu bionic-security InRelease [88.7 kB]
Hit:2 http://us.archive.ubuntu.com/ubuntu bionic InRelease
Get:3 http://us.archive.ubuntu.com/ubuntu bionic-updates InRelease [88.7 kB]
Get:4 http://security.ubuntu.com/ubuntu bionic-security/main amd64 Packages [2,546 kB]
Get:5 http://us.archive.ubuntu.com/ubuntu bionic-backports InRelease [83.3 kB]
Get:6 http://us.archive.ubuntu.com/ubuntu bionic-updates/main amd64 Packages [2,878 kB]
Get:7 http://security.ubuntu.com/ubuntu bionic-security/main i386 Packages [1,309 kB]
Get:8 http://security.ubuntu.com/ubuntu bionic-security/main Translation-en [441 kB]
Get:9 http://security.ubuntu.com/ubuntu bionic-security/restricted i386 Packages [31.9 kB]
Get:10 http://security.ubuntu.com/ubuntu bionic-security/restricted amd64 Packages [1,084 kB]
Get:11 http://security.ubuntu.com/ubuntu bionic-security/restricted Translation-en [150 kB]
Get:12 http://security.ubuntu.com/ubuntu bionic-security/universe i386 Packages [1,050 kB]
Get:13 http://security.ubuntu.com/ubuntu bionic-security/universe amd64 Packages [1,257 kB]
Get:14 http://security.ubuntu.com/ubuntu bionic-security/universe Translation-en [291 kB]
Get:15 http://security.ubuntu.com/ubuntu bionic-security/multiverse amd64 Packages [19.8 kB]
Get:16 http://security.ubuntu.com/ubuntu bionic-security/multiverse Translation-en [3,928 B]
Get:17 http://us.archive.ubuntu.com/ubuntu bionic-updates/main i386 Packages [1,599 kB]
Get:18 http://us.archive.ubuntu.com/ubuntu bionic-updates/main Translation-en [528 kB]
Get:19 http://us.archive.ubuntu.com/ubuntu bionic-updates/restricted amd64 Packages [1,115 kB]
Get:20 http://us.archive.ubuntu.com/ubuntu bionic-updates/restricted i386 Packages [38.5 kB]
Get:21 http://us.archive.ubuntu.com/ubuntu bionic-updates/restricted Translation-en [155 kB]
Get:22 http://us.archive.ubuntu.com/ubuntu bionic-updates/universe i386 Packages [1,638 kB]
Get:23 http://us.archive.ubuntu.com/ubuntu bionic-updates/universe amd64 Packages [1,870 kB]
Get:24 http://us.archive.ubuntu.com/ubuntu bionic-updates/universe Translation-en [405 kB]
Fetched 18.7 MB in 8s (2,317 kB/s)
Reading package lists... Done
Building dependency tree
Reading state information... Done
20 packages can be upgraded. Run 'apt list --upgradable' to see them.
root@ubuntu1804:~#
root@ubuntu1804:~#
root@ubuntu1804:~# apt install docker.io -y
Reading package lists... Done
Building dependency tree
Reading state information... Done
The following additional packages will be installed:
  bridge-utils containerd pigz runc ubuntu-fan
Suggested packages:
  aufs-tools cgroupfs-mount | cgroup-lite debootstrap docker-doc rinse zfs-fuse | zfsutils
The following NEW packages will be installed:
  bridge-utils containerd docker.io pigz runc ubuntu-fan
0 upgraded, 6 newly installed, 0 to remove and 20 not upgraded.
Need to get 68.9 MB of archives.
After this operation, 333 MB of additional disk space will be used.
Get:1 http://us.archive.ubuntu.com/ubuntu bionic/universe amd64 pigz amd64 2.4-1 [57.4 kB]
Get:2 http://us.archive.ubuntu.com/ubuntu bionic/main amd64 bridge-utils amd64 1.5-15ubuntu1 [30.1 kB]
Get:3 http://us.archive.ubuntu.com/ubuntu bionic-updates/universe amd64 runc amd64 1.1.0-0ubuntu1~18.04.1 [3,896 kB]
Get:4 http://us.archive.ubuntu.com/ubuntu bionic-updates/universe amd64 containerd amd64 1.5.9-0ubuntu1~18.04.2 [33.0 MB]
Get:5 http://us.archive.ubuntu.com/ubuntu bionic-updates/universe amd64 docker.io amd64 20.10.12-0ubuntu2~18.04.1 [31.8 MB]
Get:6 http://us.archive.ubuntu.com/ubuntu bionic/main amd64 ubuntu-fan all 0.12.10 [34.7 kB]
Fetched 68.9 MB in 12s (5,721 kB/s)
Preconfiguring packages ...
Selecting previously unselected package pigz.
(Reading database ... 106061 files and directories currently installed.)
Preparing to unpack .../0-pigz_2.4-1_amd64.deb ...
Unpacking pigz (2.4-1) ...
Selecting previously unselected package bridge-utils.
Preparing to unpack .../1-bridge-utils_1.5-15ubuntu1_amd64.deb ...
Unpacking bridge-utils (1.5-15ubuntu1) ...
Selecting previously unselected package runc.
Preparing to unpack .../2-runc_1.1.0-0ubuntu1~18.04.1_amd64.deb ...
Unpacking runc (1.1.0-0ubuntu1~18.04.1) ...
Selecting previously unselected package containerd.
Preparing to unpack .../3-containerd_1.5.9-0ubuntu1~18.04.2_amd64.deb ...
Unpacking containerd (1.5.9-0ubuntu1~18.04.2) ...
Selecting previously unselected package docker.io.
Preparing to unpack .../4-docker.io_20.10.12-0ubuntu2~18.04.1_amd64.deb ...
Unpacking docker.io (20.10.12-0ubuntu2~18.04.1) ...
Selecting previously unselected package ubuntu-fan.
Preparing to unpack .../5-ubuntu-fan_0.12.10_all.deb ...
Unpacking ubuntu-fan (0.12.10) ...
Setting up runc (1.1.0-0ubuntu1~18.04.1) ...
Setting up containerd (1.5.9-0ubuntu1~18.04.2) ...
Created symlink /etc/systemd/system/multi-user.target.wants/containerd.service → /lib/systemd/system/containerd.service.
Setting up bridge-utils (1.5-15ubuntu1) ...
Setting up ubuntu-fan (0.12.10) ...
Created symlink /etc/systemd/system/multi-user.target.wants/ubuntu-fan.service → /lib/systemd/system/ubuntu-fan.service.
Setting up pigz (2.4-1) ...
Setting up docker.io (20.10.12-0ubuntu2~18.04.1) ...
Adding group `docker' (GID 117) ...
Done.
Created symlink /etc/systemd/system/multi-user.target.wants/docker.service → /lib/systemd/system/docker.service.
Created symlink /etc/systemd/system/sockets.target.wants/docker.socket → /lib/systemd/system/docker.socket.
Processing triggers for systemd (237-3ubuntu10.56) ...
Processing triggers for man-db (2.8.3-2ubuntu0.1) ...
Processing triggers for ureadahead (0.100.0-21) ...
root@ubuntu1804:~#
root@ubuntu1804:~#
root@ubuntu1804:~# systemctl status docker
● docker.service - Docker Application Container Engine
   Loaded: loaded (/lib/systemd/system/docker.service; enabled; vendor preset: enabled)
   Active: active (running) since Tue 2023-02-07 17:58:40 UTC; 2min 7s ago
     Docs: https://docs.docker.com
 Main PID: 3216 (dockerd)
    Tasks: 9
   CGroup: /system.slice/docker.service
           └─3216 /usr/bin/dockerd -H fd:// --containerd=/run/containerd/containerd.sock

Feb 07 17:58:39 ubuntu1804.localdomain dockerd[3216]: time="2023-02-07T17:58:39.914358839Z" level=info msg="ClientConn switching balancer to \"pick_first\"" module=grpc
Feb 07 17:58:40 ubuntu1804.localdomain dockerd[3216]: time="2023-02-07T17:58:40.118963446Z" level=warning msg="Your kernel does not support swap memory limit"
Feb 07 17:58:40 ubuntu1804.localdomain dockerd[3216]: time="2023-02-07T17:58:40.119169288Z" level=warning msg="Your kernel does not support CPU realtime scheduler"
Feb 07 17:58:40 ubuntu1804.localdomain dockerd[3216]: time="2023-02-07T17:58:40.119688724Z" level=info msg="Loading containers: start."
Feb 07 17:58:40 ubuntu1804.localdomain dockerd[3216]: time="2023-02-07T17:58:40.496880413Z" level=info msg="Default bridge (docker0) is assigned with an IP address 172.17.0
Feb 07 17:58:40 ubuntu1804.localdomain dockerd[3216]: time="2023-02-07T17:58:40.802114676Z" level=info msg="Loading containers: done."
Feb 07 17:58:40 ubuntu1804.localdomain dockerd[3216]: time="2023-02-07T17:58:40.856830709Z" level=info msg="Docker daemon" commit="20.10.12-0ubuntu2~18.04.1" graphdriver(s)
Feb 07 17:58:40 ubuntu1804.localdomain dockerd[3216]: time="2023-02-07T17:58:40.857142370Z" level=info msg="Daemon has completed initialization"
Feb 07 17:58:40 ubuntu1804.localdomain systemd[1]: Started Docker Application Container Engine.
Feb 07 17:58:40 ubuntu1804.localdomain dockerd[3216]: time="2023-02-07T17:58:40.903577775Z" level=info msg="API listen on /var/run/docker.sock"
root@ubuntu1804:~#
root@ubuntu1804:~#
root@ubuntu1804:~#
root@ubuntu1804:~# service docker status
● docker.service - Docker Application Container Engine
   Loaded: loaded (/lib/systemd/system/docker.service; enabled; vendor preset: enabled)
   Active: active (running) since Tue 2023-02-07 17:58:40 UTC; 2min 30s ago
     Docs: https://docs.docker.com
 Main PID: 3216 (dockerd)
    Tasks: 9
   CGroup: /system.slice/docker.service
           └─3216 /usr/bin/dockerd -H fd:// --containerd=/run/containerd/containerd.sock

Feb 07 17:58:39 ubuntu1804.localdomain dockerd[3216]: time="2023-02-07T17:58:39.914358839Z" level=info msg="ClientConn switching balancer to \"pick_first\"" module=grpc
Feb 07 17:58:40 ubuntu1804.localdomain dockerd[3216]: time="2023-02-07T17:58:40.118963446Z" level=warning msg="Your kernel does not support swap memory limit"
Feb 07 17:58:40 ubuntu1804.localdomain dockerd[3216]: time="2023-02-07T17:58:40.119169288Z" level=warning msg="Your kernel does not support CPU realtime scheduler"
Feb 07 17:58:40 ubuntu1804.localdomain dockerd[3216]: time="2023-02-07T17:58:40.119688724Z" level=info msg="Loading containers: start."
Feb 07 17:58:40 ubuntu1804.localdomain dockerd[3216]: time="2023-02-07T17:58:40.496880413Z" level=info msg="Default bridge (docker0) is assigned with an IP address 172.17.0
Feb 07 17:58:40 ubuntu1804.localdomain dockerd[3216]: time="2023-02-07T17:58:40.802114676Z" level=info msg="Loading containers: done."
Feb 07 17:58:40 ubuntu1804.localdomain dockerd[3216]: time="2023-02-07T17:58:40.856830709Z" level=info msg="Docker daemon" commit="20.10.12-0ubuntu2~18.04.1" graphdriver(s)
Feb 07 17:58:40 ubuntu1804.localdomain dockerd[3216]: time="2023-02-07T17:58:40.857142370Z" level=info msg="Daemon has completed initialization"
Feb 07 17:58:40 ubuntu1804.localdomain systemd[1]: Started Docker Application Container Engine.
Feb 07 17:58:40 ubuntu1804.localdomain dockerd[3216]: time="2023-02-07T17:58:40.903577775Z" level=info msg="API listen on /var/run/docker.sock"
root@ubuntu1804:~#
root@ubuntu1804:~#
root@ubuntu1804:~#
root@ubuntu1804:~#
root@ubuntu1804:~# docker pull nginx
Using default tag: latest
latest: Pulling from library/nginx
01b5b2efb836: Pull complete
db354f722736: Pull complete
abb02e674be5: Pull complete
214be53c3027: Pull complete
a69afcef752d: Pull complete
625184acb94e: Pull complete
Digest: sha256:c54fb26749e49dc2df77c6155e8b5f0f78b781b7f0eadd96ecfabdcdfa5b1ec4
Status: Downloaded newer image for nginx:latest
docker.io/library/nginx:latest
root@ubuntu1804:~#
root@ubuntu1804:~#
root@ubuntu1804:~#
root@ubuntu1804:~# docker images
REPOSITORY   TAG       IMAGE ID       CREATED      SIZE
nginx        latest    9eee96112def   3 days ago   142MB
root@ubuntu1804:~#
root@ubuntu1804:~#
root@ubuntu1804:~# exit
logout
vagrant@ubuntu1804:~$
vagrant@ubuntu1804:~$
vagrant@ubuntu1804:~$ exit
logout
Connection to 127.0.0.1 closed.

ashwi@HYPERLAPSE  ~/devops/provision/vagrant/bionic
$ ls
Vagrantfile

ashwi@HYPERLAPSE  ~/devops/provision/vagrant/bionic
$ vagrant package
==> default: Attempting graceful shutdown of VM...
==> default: Clearing any previously set forwarded ports...
==> default: Exporting VM...
==> default: Compressing package to: C:/Users/ashwi/devops/provision/vagrant/bionic/package.box

ashwi@HYPERLAPSE  ~/devops/provision/vagrant/bionic
$ ls
Vagrantfile  package.box

ashwi@HYPERLAPSE  ~/devops/provision/vagrant/bionic
$ mv package.box ashwinubuntu.box

ashwi@HYPERLAPSE  ~/devops/provision/vagrant/bionic
$ ls
Vagrantfile  ashwinubuntu.box

ashwi@HYPERLAPSE  ~/devops/provision/vagrant/bionic
$